<html>
<body>
<pre>
<h1>µVision Build Log</h1>
<h2>Tool Versions:</h2>
IDE-Version: ¶ÃVision V5.31.0.0
Copyright (C) 2020 ARM Ltd and ARM Germany GmbH. All rights reserved.
License Information: 1317379456@qq.com 1317379456@qq.com, 1317379456@qq.com, LIC=HN0AE-540JS-KPVZY-I56BS-TG59Y-IT7VW
 
Tool Versions:
Toolchain:       MDK-ARM Plus  Version: 5.31.0.0
Toolchain Path:  E:\Keil\ARM\ARMCC\Bin
C Compiler:      Armcc.exe V5.06 update 6 (build 750)
Assembler:       Armasm.exe V5.06 update 6 (build 750)
Linker/Locator:  ArmLink.exe V5.06 update 6 (build 750)
Library Manager: ArmAr.exe V5.06 update 6 (build 750)
Hex Converter:   FromElf.exe V5.06 update 6 (build 750)
CPU DLL:         SARMCM3.DLL V5.31.0.0
Dialog DLL:      DCM.DLL V1.17.3.0
Target DLL:      STLink\ST-LINKIII-KEIL_SWO.dll V3.0.7.0
Dialog DLL:      TCM.DLL V1.46.0.0
 
<h2>Project:</h2>
E:\K210\Contx-M3CS\Contx-M3CS\User\M3CS.uvprojx
Project File Date:  10/25/2021

<h2>Output:</h2>
*** Using Compiler 'V5.06 update 6 (build 750)', folder: 'E:\Keil\ARM\ARMCC\Bin'
Build target 'Target 1'
compiling uart.c...
..\SYSTEM\uart.c(216): warning:  #550-D: variable "Usart2_Rec_Cnt"  was set but never used
  	static u16 Usart2_Rec_Cnt;
..\SYSTEM\uart.c(60): warning:  #177-D: function "Json_Extract"  was declared but never referenced
  static char* Json_Extract(char * Json_ptr ,char * Rxb)			//Ã·»°Json÷∏¡Ó
..\SYSTEM\uart.c: 2 warnings, 0 errors
linking...
Program Size: Code=15604 RO-data=5120 RW-data=128 ZI-data=4240  
FromELF: creating hex file...
"..\OBJ\RGB.axf" - 0 Error(s), 2 Warning(s).

<h2>Software Packages used:</h2>

Package Vendor: MDK-Packs
                https://github.com/MDK-Packs/Pack/raw/master/cJSON/MDK-Packs.cJSON.1.0.0.pack
                MDK-Packs.cJSON.1.0.0
                Ultralightweight JSON parser in ANSI C
   * Component: cJSON Version: 1.7.7

Package Vendor: Keil
                http://www.keil.com/pack/Keil.STM32F1xx_DFP.2.3.0.pack
                Keil.STM32F1xx_DFP.2.3.0
                STMicroelectronics STM32F1 Series Device Support, Drivers and Examples

<h2>Collection of Component include folders:</h2>
  .\RTE\_Target_1
  E:\Keil\Pack\Keil\STM32F1xx_DFP\2.3.0\Device\Include
  E:\Keil\Pack\MDK-Packs\cJSON\1.0.0

<h2>Collection of Component Files used:</h2>

   * Component: MDK-Packs::Data Exchange:JSON:cJSON:1.7.7
      Source file:   cJSON.c
      Source file:   cJSON_Utils.c
      Include file:  cJSON_Utils.h
      Include file:  cJSON.h
Build Time Elapsed:  00:00:01
</pre>
</body>
</html>
