<html>
<body>
<pre>
<h1>µVision Build Log</h1>
<h2>Tool Versions:</h2>
IDE-Version: ¦ÌVision V5.31.0.0
Copyright (C) 2020 ARM Ltd and ARM Germany GmbH. All rights reserved.
License Information: 1317379456@qq.com 1317379456@qq.com, 1317379456@qq.com, LIC=HN0AE-540JS-KPVZY-I56BS-TG59Y-IT7VW
 
Tool Versions:
Toolchain:       MDK-ARM Plus  Version: 5.31.0.0
Toolchain Path:  E:\Keil\ARM\ARMCC\Bin
C Compiler:      Armcc.exe V5.06 update 6 (build 750)
Assembler:       Armasm.exe V5.06 update 6 (build 750)
Linker/Locator:  ArmLink.exe V5.06 update 6 (build 750)
Library Manager: ArmAr.exe V5.06 update 6 (build 750)
Hex Converter:   FromElf.exe V5.06 update 6 (build 750)
CPU DLL:         SARMCM3.DLL V5.31.0.0
Dialog DLL:      DCM.DLL V1.17.3.0
Target DLL:      STLink\ST-LINKIII-KEIL_SWO.dll V3.0.7.0
Dialog DLL:      TCM.DLL V1.46.0.0
 
<h2>Project:</h2>
E:\K210\Contx-M3CS\Contx-M3CS\User\M3CS.uvprojx
Project File Date:  10/21/2021

<h2>Output:</h2>
*** Using Compiler 'V5.06 update 6 (build 750)', folder: 'E:\Keil\ARM\ARMCC\Bin'
Build target 'Target 1'
compiling stm32f10x_it.c...
bsp_nvic.h(35): warning:  #1-D: last line of file ends without a newline
  #endif /* __NVIC_H */
..\SYSTEM\main.h(9): warning:  #1-D: last line of file ends without a newline
  #endif /* __MAIN_H */
stm32f10x_it.c: 2 warnings, 0 errors
compiling encoder.c...
..\SYSTEM\encoder.c(1): warning:  #1-D: last line of file ends without a newline
  #include "encoder.h"
..\SYSTEM\encoder.h(141): warning:  #1-D: last line of file ends without a newline
  #endif
..\SYSTEM\main.h(9): warning:  #1-D: last line of file ends without a newline
  #endif /* __MAIN_H */
..\SYSTEM\encoder.h(141): warning:  #1-D: last line of file ends without a newline
  #endif
..\SYSTEM\encoder.c: 4 warnings, 0 errors
compiling main.c...
..\SYSTEM\main.h(9): warning:  #1-D: last line of file ends without a newline
  #endif /* __MAIN_H */
bsp_nvic.h(35): warning:  #1-D: last line of file ends without a newline
  #endif /* __NVIC_H */
main.c(57): warning:  #69-D: integer conversion resulted in truncation
  	uint8_t Angle = 270;
main.c(56): warning:  #177-D: variable "speed1"  was declared but never referenced
  	uint16_t speed1 =0,speed2 = 0;
main.c(56): warning:  #177-D: variable "speed2"  was declared but never referenced
  	uint16_t speed1 =0,speed2 = 0;
main.c: 5 warnings, 0 errors
linking...
Program Size: Code=7036 RO-data=5056 RW-data=88 ZI-data=1880  
FromELF: creating hex file...
"..\OBJ\RGB.axf" - 0 Error(s), 11 Warning(s).

<h2>Software Packages used:</h2>

Package Vendor: Keil
                http://www.keil.com/pack/Keil.STM32F1xx_DFP.2.3.0.pack
                Keil.STM32F1xx_DFP.2.3.0
                STMicroelectronics STM32F1 Series Device Support, Drivers and Examples

<h2>Collection of Component include folders:</h2>
  E:\Keil\Pack\Keil\STM32F1xx_DFP\2.3.0\Device\Include

<h2>Collection of Component Files used:</h2>
Build Time Elapsed:  00:00:01
</pre>
</body>
</html>
